00:00 +0: loading /Users/asak/Documents/dev/proj/personal/tkd_saas/test/features/bracket/data/services/match_progression_service_test.dart                                                             00:00 +0: /Users/asak/Documents/dev/proj/personal/tkd_saas/test/features/bracket/data/services/match_progression_service_test.dart: ... basic result recording marks match as completed with winner    00:00 +1: /Users/asak/Documents/dev/proj/personal/tkd_saas/test/features/bracket/data/services/match_progression_service_test.dart: ... basic result recording marks match as completed with winner    00:00 +1: /Users/asak/Documents/dev/proj/personal/tkd_saas/test/features/bracket/data/services/match_progression_service_test.dart: ... result recording stores scores as proper fields when provided  00:00 +2: /Users/asak/Documents/dev/proj/personal/tkd_saas/test/features/bracket/data/services/match_progression_service_test.dart: ... result recording stores scores as proper fields when provided  00:00 +2: /Users/asak/Documents/dev/proj/personal/tkd_saas/test/features/bracket/data/services/match_progression_service_test.dart: ... basic result recording throws when match not found             00:00 +3: /Users/asak/Documents/dev/proj/personal/tkd_saas/test/features/bracket/data/services/match_progression_service_test.dart: ... basic result recording throws when match not found             00:00 +3: /Users/asak/Documents/dev/proj/personal/tkd_saas/test/features/bracket/data/services/match_progression_service_test.dart: ... basic result recording throws when match already completed     00:00 +4: /Users/asak/Documents/dev/proj/personal/tkd_saas/test/features/bracket/data/services/match_progression_service_test.dart: ... basic result recording throws when match already completed     00:00 +4: /Users/asak/Documents/dev/proj/personal/tkd_saas/test/features/bracket/data/services/match_progression_service_test.dart: ... winner advancement winner is placed in the next match          00:00 +5: /Users/asak/Documents/dev/proj/personal/tkd_saas/test/features/bracket/data/services/match_progression_service_test.dart: ... winner advancement winner is placed in the next match          00:00 +5: /Users/asak/Documents/dev/proj/personal/tkd_saas/test/features/bracket/data/services/match_progression_service_test.dart: ... winner advancement both R1 winners are placed in R2 final      00:00 +6: /Users/asak/Documents/dev/proj/personal/tkd_saas/test/features/bracket/data/services/match_progression_service_test.dart: ... winner advancement both R1 winners are placed in R2 final      00:00 +6: /Users/asak/Documents/dev/proj/personal/tkd_saas/test/features/bracket/data/services/match_progression_service_test.dart: ... 3rd place match semi-final losers are placed in 3rd place match00:00 +7: /Users/asak/Documents/dev/proj/personal/tkd_saas/test/features/bracket/data/services/match_progression_service_test.dart: ... 3rd place match semi-final losers are placed in 3rd place match00:00 +7: /Users/asak/Documents/dev/proj/personal/tkd_saas/test/features/bracket/data/services/match_progression_service_test.dart: ... 4-player single elimination: full tournament runs to completion00:00 +8: /Users/asak/Documents/dev/proj/personal/tkd_saas/test/features/bracket/data/services/match_progression_service_test.dart: ... 4-player single elimination: full tournament runs to completion00:00 +8: /Users/asak/Documents/dev/proj/personal/tkd_saas/test/features/bracket/data/services/match_progression_service_test.dart: ... full tournament progression preserves match list length        00:00 +9: /Users/asak/Documents/dev/proj/personal/tkd_saas/test/features/bracket/data/services/match_progression_service_test.dart: ... full tournament progression preserves match list length        00:00 +9: /Users/asak/Documents/dev/proj/personal/tkd_saas/test/features/bracket/data/services/match_progression_service_test.dart: ... full tournament progression preserves match order              00:00 +10: /Users/asak/Documents/dev/proj/personal/tkd_saas/test/features/bracket/data/services/match_progression_service_test.dart: ... full tournament progression preserves match order             00:00 +10: /Users/asak/Documents/dev/proj/personal/tkd_saas/test/features/bracket/data/services/match_progression_service_test.dart: ... advances to a match with only one feeder, they auto-advance   00:00 +11: /Users/asak/Documents/dev/proj/personal/tkd_saas/test/features/bracket/data/services/match_progression_service_test.dart: ... advances to a match with only one feeder, they auto-advance   00:00 +11: /Users/asak/Documents/dev/proj/personal/tkd_saas/test/features/bracket/data/services/match_progression_service_test.dart: ... (F5) throws when winnerId is not a participant in the match   00:00 +12: /Users/asak/Documents/dev/proj/personal/tkd_saas/test/features/bracket/data/services/match_progression_service_test.dart: ... (F5) throws when winnerId is not a participant in the match   00:00 +12: /Users/asak/Documents/dev/proj/personal/tkd_saas/test/features/bracket/data/services/match_progression_service_test.dart: ... validation (F5) succeeds when winnerId is a valid participant 00:00 +13: /Users/asak/Documents/dev/proj/personal/tkd_saas/test/features/bracket/data/services/match_progression_service_test.dart: ... validation (F5) succeeds when winnerId is a valid participant 00:00 +13: /Users/asak/Documents/dev/proj/personal/tkd_saas/test/features/bracket/data/services/match_progression_service_test.dart: ... a match with both slots empty and no pending feeders          00:00 +14: /Users/asak/Documents/dev/proj/personal/tkd_saas/test/features/bracket/data/services/match_progression_service_test.dart: ... a match with both slots empty and no pending feeders          00:00 +14: loading /Users/asak/Documents/dev/proj/personal/tkd_saas/test/features/bracket/data/services/single_elimination_bracket_generator_service_test.dart                                         00:00 +14: /Users/asak/Documents/dev/proj/personal/tkd_saas/test/features/bracket/data/services/single_elimination_bracket_generator_service_test.dart: ... when fewer than 2 participants             00:01 +14: /Users/asak/Documents/dev/proj/personal/tkd_saas/test/features/bracket/data/services/single_elimination_bracket_generator_service_test.dart: ... when fewer than 2 participants             00:01 +15: /Users/asak/Documents/dev/proj/personal/tkd_saas/test/features/bracket/data/services/double_elimination_bracket_generator_service_test.dart: ... ArgumentError for fewer than 2 participants00:01 +16: /Users/asak/Documents/dev/proj/personal/tkd_saas/test/features/bracket/data/services/double_elimination_bracket_generator_service_test.dart: ... ArgumentError for fewer than 2 participants00:01 +17: /Users/asak/Documents/dev/proj/personal/tkd_saas/test/features/bracket/data/services/single_elimination_bracket_generator_service_test.dart: ... 2 players generates exactly 1 match        00:01 +18: /Users/asak/Documents/dev/proj/personal/tkd_saas/test/features/bracket/data/services/double_elimination_bracket_generator_service_test.dart: ... 2 players WB has 1 round, LB has 0 rounds  00:01 +19: /Users/asak/Documents/dev/proj/personal/tkd_saas/test/features/bracket/data/services/double_elimination_bracket_generator_service_test.dart: ... 2 players WB has 1 round, LB has 0 rounds  00:01 +20: /Users/asak/Documents/dev/proj/personal/tkd_saas/test/features/bracket/data/services/double_elimination_bracket_generator_service_test.dart: ... 2 players WB has 1 round, LB has 0 rounds  00:01 +21: /Users/asak/Documents/dev/proj/personal/tkd_saas/test/features/bracket/data/services/single_elimination_bracket_generator_service_test.dart: ... 2 players no bye matches exist             00:01 +22: /Users/asak/Documents/dev/proj/personal/tkd_saas/test/features/bracket/data/services/double_elimination_bracket_generator_service_test.dart: ... 2 players has grand finals match           00:01 +23: /Users/asak/Documents/dev/proj/personal/tkd_saas/test/features/bracket/data/services/single_elimination_bracket_generator_service_test.dart: ... the final has no winnerAdvancesToMatchId   00:01 +24: /Users/asak/Documents/dev/proj/personal/tkd_saas/test/features/bracket/data/services/double_elimination_bracket_generator_service_test.dart: ... match routes loser to grand finals (no LB) 00:01 +25: /Users/asak/Documents/dev/proj/personal/tkd_saas/test/features/bracket/data/services/single_elimination_bracket_generator_service_test.dart: ... to 4, generates 3 matches (bracketSize - 1)00:01 +26: /Users/asak/Documents/dev/proj/personal/tkd_saas/test/features/bracket/data/services/double_elimination_bracket_generator_service_test.dart: ... total matches: WB(1) + GF(1) + reset(1) = 300:01 +27: /Users/asak/Documents/dev/proj/personal/tkd_saas/test/features/bracket/data/services/single_elimination_bracket_generator_service_test.dart: ... 3 players bracket has 2 rounds             00:01 +28: /Users/asak/Documents/dev/proj/personal/tkd_saas/test/features/bracket/data/services/double_elimination_bracket_generator_service_test.dart: ... 4 players WB has 2 rounds                  00:01 +29: /Users/asak/Documents/dev/proj/personal/tkd_saas/test/features/bracket/data/services/single_elimination_bracket_generator_service_test.dart: ... 3 players exactly 1 bye match in Round 1   00:01 +30: /Users/asak/Documents/dev/proj/personal/tkd_saas/test/features/bracket/data/services/double_elimination_bracket_generator_service_test.dart: ... 4 players LB has 2 rounds                  00:01 +31: /Users/asak/Documents/dev/proj/personal/tkd_saas/test/features/bracket/data/services/single_elimination_bracket_generator_service_test.dart: ... has correct winner (the real participant)  00:01 +32: /Users/asak/Documents/dev/proj/personal/tkd_saas/test/features/bracket/data/services/single_elimination_bracket_generator_service_test.dart: ... has correct winner (the real participant)  00:01 +32: /Users/asak/Documents/dev/proj/personal/tkd_saas/test/features/bracket/data/services/double_elimination_bracket_generator_service_test.dart: ... players WB match count: 3 (bracketSize - 1)00:01 +33: /Users/asak/Documents/dev/proj/personal/tkd_saas/test/features/bracket/data/services/single_elimination_bracket_generator_service_test.dart: ... 3 players no byes appear in Round 2        00:01 +34: /Users/asak/Documents/dev/proj/personal/tkd_saas/test/features/bracket/data/services/double_elimination_bracket_generator_service_test.dart: ... 4 players LB match count: 2                00:01 +35: /Users/asak/Documents/dev/proj/personal/tkd_saas/test/features/bracket/data/services/double_elimination_bracket_generator_service_test.dart: ... 4 players LB match count: 2                00:01 +36: /Users/asak/Documents/dev/proj/personal/tkd_saas/test/features/bracket/data/services/double_elimination_bracket_generator_service_test.dart: ... 4 players LB match count: 2                00:01 +36: /Users/asak/Documents/dev/proj/personal/tkd_saas/test/features/bracket/data/services/single_elimination_bracket_generator_service_test.dart: ... 4 players generates exactly 3 matches      00:01 +37: /Users/asak/Documents/dev/proj/personal/tkd_saas/test/features/bracket/data/services/double_elimination_bracket_generator_service_test.dart: ... seeding: seed 1 vs seed 4, seed 2 vs seed 300:01 +38: /Users/asak/Documents/dev/proj/personal/tkd_saas/test/features/bracket/data/services/double_elimination_bracket_generator_service_test.dart: ... seeding: seed 1 vs seed 4, seed 2 vs seed 300:01 +39: /Users/asak/Documents/dev/proj/personal/tkd_saas/test/features/bracket/data/services/single_elimination_bracket_generator_service_test.dart: ... 4 players no bye matches                   00:01 +40: /Users/asak/Documents/dev/proj/personal/tkd_saas/test/features/bracket/data/services/double_elimination_bracket_generator_service_test.dart: ... 4 players WB R1 losers route to LB R1      00:01 +41: /Users/asak/Documents/dev/proj/personal/tkd_saas/test/features/bracket/data/services/double_elimination_bracket_generator_service_test.dart: ... 4 players WB R1 losers route to LB R1      00:01 +42: /Users/asak/Documents/dev/proj/personal/tkd_saas/test/features/bracket/data/services/single_elimination_bracket_generator_service_test.dart: ... 4 players R1 winners advance to R2 final   00:01 +43: /Users/asak/Documents/dev/proj/personal/tkd_saas/test/features/bracket/data/services/double_elimination_bracket_generator_service_test.dart: ... 4 players WB R2 loser routes to LB R2      00:01 +44: /Users/asak/Documents/dev/proj/personal/tkd_saas/test/features/bracket/data/services/single_elimination_bracket_generator_service_test.dart: ... 4 players all R1 matches are pending       00:01 +45: /Users/asak/Documents/dev/proj/personal/tkd_saas/test/features/bracket/data/services/single_elimination_bracket_generator_service_test.dart: ... 4 players all R1 matches are pending       00:01 +45: /Users/asak/Documents/dev/proj/personal/tkd_saas/test/features/bracket/data/services/double_elimination_bracket_generator_service_test.dart: ... WB final winner routes to grand finals     00:01 +46: /Users/asak/Documents/dev/proj/personal/tkd_saas/test/features/bracket/data/services/single_elimination_bracket_generator_service_test.dart: ... 5 players pads to 8, generates 7 matches   00:01 +47: /Users/asak/Documents/dev/proj/personal/tkd_saas/test/features/bracket/data/services/double_elimination_bracket_generator_service_test.dart: ... LB final winner routes to grand finals     00:01 +48: /Users/asak/Documents/dev/proj/personal/tkd_saas/test/features/bracket/data/services/single_elimination_bracket_generator_service_test.dart: ... 5 players bracket has 3 rounds             00:01 +49: /Users/asak/Documents/dev/proj/personal/tkd_saas/test/features/bracket/data/services/double_elimination_bracket_generator_service_test.dart: ... 4 players LB R1 winner routes to LB R2     00:01 +50: /Users/asak/Documents/dev/proj/personal/tkd_saas/test/features/bracket/data/services/double_elimination_bracket_generator_service_test.dart: ... 4 players LB R1 winner routes to LB R2     00:01 +50: /Users/asak/Documents/dev/proj/personal/tkd_saas/test/features/bracket/data/services/single_elimination_bracket_generator_service_test.dart: ... 5 players exactly 3 bye matches in Round 1 00:01 +51: /Users/asak/Documents/dev/proj/personal/tkd_saas/test/features/bracket/data/services/single_elimination_bracket_generator_service_test.dart: ... 5 players exactly 3 bye matches in Round 1 00:01 +52: /Users/asak/Documents/dev/proj/personal/tkd_saas/test/features/bracket/data/services/double_elimination_bracket_generator_service_test.dart: ... 4 players no reset match when disabled     00:01 +53: /Users/asak/Documents/dev/proj/personal/tkd_saas/test/features/bracket/data/services/single_elimination_bracket_generator_service_test.dart: ... all bye winners are advanced to Round 2    00:01 +54: /Users/asak/Documents/dev/proj/personal/tkd_saas/test/features/bracket/data/services/double_elimination_bracket_generator_service_test.dart: ... WB(3) + LB(2) + GF(1) + reset(1) = 7       00:01 +55: /Users/asak/Documents/dev/proj/personal/tkd_saas/test/features/bracket/data/services/single_elimination_bracket_generator_service_test.dart: ... seed gets a bye (placed against bye slot)  00:01 +56: /Users/asak/Documents/dev/proj/personal/tkd_saas/test/features/bracket/data/services/double_elimination_bracket_generator_service_test.dart: ... 4 players total matches without reset: 6   00:01 +57: /Users/asak/Documents/dev/proj/personal/tkd_saas/test/features/bracket/data/services/single_elimination_bracket_generator_service_test.dart: ... 7 players pads to 8, generates 7 matches   00:01 +58: /Users/asak/Documents/dev/proj/personal/tkd_saas/test/features/bracket/data/services/double_elimination_bracket_generator_service_test.dart: ... 3 players WB has 2 rounds, LB has 2 rounds 00:01 +59: /Users/asak/Documents/dev/proj/personal/tkd_saas/test/features/bracket/data/services/single_elimination_bracket_generator_service_test.dart: ... 7 players exactly 1 bye match              00:01 +60: /Users/asak/Documents/dev/proj/personal/tkd_saas/test/features/bracket/data/services/double_elimination_bracket_generator_service_test.dart: ... 3 players WB R1 has exactly 1 bye match    00:01 +61: /Users/asak/Documents/dev/proj/personal/tkd_saas/test/features/bracket/data/services/single_elimination_bracket_generator_service_test.dart: ... 7 players seed 1 gets the bye              00:01 +62: /Users/asak/Documents/dev/proj/personal/tkd_saas/test/features/bracket/data/services/double_elimination_bracket_generator_service_test.dart: ... 3 players bye winner is advanced to WB R2  00:01 +63: /Users/asak/Documents/dev/proj/personal/tkd_saas/test/features/bracket/data/services/single_elimination_bracket_generator_service_test.dart: ... 8 players generates exactly 7 matches      00:01 +64: /Users/asak/Documents/dev/proj/personal/tkd_saas/test/features/bracket/data/services/double_elimination_bracket_generator_service_test.dart: ... WB bye match does NOT route loser to LB    00:01 +65: /Users/asak/Documents/dev/proj/personal/tkd_saas/test/features/bracket/data/services/single_elimination_bracket_generator_service_test.dart: ... 8 players bracket has 3 rounds             00:01 +66: /Users/asak/Documents/dev/proj/personal/tkd_saas/test/features/bracket/data/services/double_elimination_bracket_generator_service_test.dart: ... 5 players WB has 3 rounds, LB has 4 rounds 00:01 +67: /Users/asak/Documents/dev/proj/personal/tkd_saas/test/features/bracket/data/services/single_elimination_bracket_generator_service_test.dart: ... 8 players no bye matches                   00:01 +68: /Users/asak/Documents/dev/proj/personal/tkd_saas/test/features/bracket/data/services/double_elimination_bracket_generator_service_test.dart: ... 5 players WB R1 has 3 bye matches          00:01 +69: /Users/asak/Documents/dev/proj/personal/tkd_saas/test/features/bracket/data/services/double_elimination_bracket_generator_service_test.dart: ... 5 players WB R1 has 3 bye matches          00:01 +70: /Users/asak/Documents/dev/proj/personal/tkd_saas/test/features/bracket/data/services/double_elimination_bracket_generator_service_test.dart: ... 5 players WB R1 has 3 bye matches          00:01 +70: /Users/asak/Documents/dev/proj/personal/tkd_saas/test/features/bracket/data/services/single_elimination_bracket_generator_service_test.dart: ... prevents top 2 seeds meeting before final  00:01 +71: /Users/asak/Documents/dev/proj/personal/tkd_saas/test/features/bracket/data/services/double_elimination_bracket_generator_service_test.dart: ... 5 players all bye winners advance to WB R2 00:01 +72: /Users/asak/Documents/dev/proj/personal/tkd_saas/test/features/bracket/data/services/single_elimination_bracket_generator_service_test.dart: ... seeding: seed 1 vs seed 8 in R1 match 1    00:01 +73: /Users/asak/Documents/dev/proj/personal/tkd_saas/test/features/bracket/data/services/double_elimination_bracket_generator_service_test.dart: ... 8 players WB has 3 rounds                  00:01 +74: /Users/asak/Documents/dev/proj/personal/tkd_saas/test/features/bracket/data/services/single_elimination_bracket_generator_service_test.dart: ... 8 players all R1 participants are assigned 00:01 +75: /Users/asak/Documents/dev/proj/personal/tkd_saas/test/features/bracket/data/services/double_elimination_bracket_generator_service_test.dart: ... 8 players LB has 4 rounds                  00:01 +76: /Users/asak/Documents/dev/proj/personal/tkd_saas/test/features/bracket/data/services/single_elimination_bracket_generator_service_test.dart: ... all participants appear exactly once in R1 00:01 +77: /Users/asak/Documents/dev/proj/personal/tkd_saas/test/features/bracket/data/services/double_elimination_bracket_generator_service_test.dart: ... 8 players WB match count: 7                00:01 +78: /Users/asak/Documents/dev/proj/personal/tkd_saas/test/features/bracket/data/services/double_elimination_bracket_generator_service_test.dart: ... 8 players WB match count: 7                00:01 +78: /Users/asak/Documents/dev/proj/personal/tkd_saas/test/features/bracket/data/services/single_elimination_bracket_generator_service_test.dart: ... 16 players generates exactly 15 matches    00:01 +79: /Users/asak/Documents/dev/proj/personal/tkd_saas/test/features/bracket/data/services/double_elimination_bracket_generator_service_test.dart: ... 8 players LB match count: 6                00:01 +80: /Users/asak/Documents/dev/proj/personal/tkd_saas/test/features/bracket/data/services/double_elimination_bracket_generator_service_test.dart: ... 8 players LB match count: 6                00:01 +80: /Users/asak/Documents/dev/proj/personal/tkd_saas/test/features/bracket/data/services/single_elimination_bracket_generator_service_test.dart: ... 16 players bracket has 4 rounds            00:01 +81: /Users/asak/Documents/dev/proj/personal/tkd_saas/test/features/bracket/data/services/double_elimination_bracket_generator_service_test.dart: ... LB round structure: R1=2, R2=2, R3=1, R4=1 00:01 +82: /Users/asak/Documents/dev/proj/personal/tkd_saas/test/features/bracket/data/services/single_elimination_bracket_generator_service_test.dart: ... round structure: R1=8, R2=4, R3=2, R4=1    00:01 +83: /Users/asak/Documents/dev/proj/personal/tkd_saas/test/features/bracket/data/services/double_elimination_bracket_generator_service_test.dart: ... 8 players no bye matches in WB             00:01 +84: /Users/asak/Documents/dev/proj/personal/tkd_saas/test/features/bracket/data/services/single_elimination_bracket_generator_service_test.dart: ... seeds 1-4 cannot meet before semi-finals   00:01 +85: /Users/asak/Documents/dev/proj/personal/tkd_saas/test/features/bracket/data/services/double_elimination_bracket_generator_service_test.dart: ... WB R1 losers route to LB R1 (consolidation)00:01 +86: ... SingleEliminationBracketGeneratorService routing table every non-final match has winnerAdvancesToMatchId                                                                                00:01 +87: /Users/asak/Documents/dev/proj/personal/tkd_saas/test/features/bracket/data/services/double_elimination_bracket_generator_service_test.dart: ... WB R2 losers route to LB R2 (drop-in)      00:01 +88: /Users/asak/Documents/dev/proj/personal/tkd_saas/test/features/bracket/data/services/single_elimination_bracket_generator_service_test.dart: ... final match has no winnerAdvancesToMatchId 00:01 +89: /Users/asak/Documents/dev/proj/personal/tkd_saas/test/features/bracket/data/services/double_elimination_bracket_generator_service_test.dart: ... WB R3 loser routes to LB R4 (drop-in)      00:01 +90: /Users/asak/Documents/dev/proj/personal/tkd_saas/test/features/bracket/data/services/double_elimination_bracket_generator_service_test.dart: ... WB R3 loser routes to LB R4 (drop-in)      00:01 +91: /Users/asak/Documents/dev/proj/personal/tkd_saas/test/features/bracket/data/services/single_elimination_bracket_generator_service_test.dart: ... two R1 matches feed into each R2 match     00:01 +92: /Users/asak/Documents/dev/proj/personal/tkd_saas/test/features/bracket/data/services/double_elimination_bracket_generator_service_test.dart: ... odd rounds feed same count, even halve     00:01 +93: /Users/asak/Documents/dev/proj/personal/tkd_saas/test/features/bracket/presentation/tie_sheet_golden_test.dart: 2-player bracket                                                            00:01 +94: /Users/asak/Documents/dev/proj/personal/tkd_saas/test/features/bracket/presentation/tie_sheet_golden_test.dart: 2-player bracket                                                            00:01 +95: /Users/asak/Documents/dev/proj/personal/tkd_saas/test/features/bracket/presentation/tie_sheet_golden_test.dart: 2-player bracket                                                            00:01 +96: /Users/asak/Documents/dev/proj/personal/tkd_saas/test/features/bracket/presentation/tie_sheet_golden_test.dart: 2-player bracket                                                            00:01 +97: /Users/asak/Documents/dev/proj/personal/tkd_saas/test/features/bracket/presentation/tie_sheet_golden_test.dart: 2-player bracket                                                            00:01 +98: /Users/asak/Documents/dev/proj/personal/tkd_saas/test/features/bracket/presentation/tie_sheet_golden_test.dart: 2-player bracket                                                            00:01 +99: /Users/asak/Documents/dev/proj/personal/tkd_saas/test/features/bracket/presentation/tie_sheet_golden_test.dart: 2-player bracket                                                            00:01 +100: /Users/asak/Documents/dev/proj/personal/tkd_saas/test/features/bracket/presentation/tie_sheet_golden_test.dart: 2-player bracket                                                           00:01 +101: /Users/asak/Documents/dev/proj/personal/tkd_saas/test/features/bracket/presentation/tie_sheet_golden_test.dart: 2-player bracket                                                           00:01 +102: /Users/asak/Documents/dev/proj/personal/tkd_saas/test/features/bracket/presentation/tie_sheet_golden_test.dart: 2-player bracket                                                           00:01 +103: /Users/asak/Documents/dev/proj/personal/tkd_saas/test/features/bracket/presentation/tie_sheet_golden_test.dart: 2-player bracket                                                           00:01 +104: /Users/asak/Documents/dev/proj/personal/tkd_saas/test/features/bracket/presentation/tie_sheet_golden_test.dart: 2-player bracket                                                           00:01 +105: /Users/asak/Documents/dev/proj/personal/tkd_saas/test/features/bracket/presentation/tie_sheet_golden_test.dart: 2-player bracket                                                           00:01 +106: /Users/asak/Documents/dev/proj/personal/tkd_saas/test/features/bracket/presentation/tie_sheet_golden_test.dart: 2-player bracket                                                           00:01 +107: /Users/asak/Documents/dev/proj/personal/tkd_saas/test/features/bracket/presentation/tie_sheet_golden_test.dart: 2-player bracket                                                           00:01 +108: /Users/asak/Documents/dev/proj/personal/tkd_saas/test/features/bracket/presentation/tie_sheet_golden_test.dart: 2-player bracket                                                           00:01 +109: /Users/asak/Documents/dev/proj/personal/tkd_saas/test/features/bracket/presentation/tie_sheet_golden_test.dart: 2-player bracket                                                           00:01 +110: /Users/asak/Documents/dev/proj/personal/tkd_saas/test/features/bracket/presentation/tie_sheet_golden_test.dart: 2-player bracket                                                           00:01 +111: /Users/asak/Documents/dev/proj/personal/tkd_saas/test/features/bracket/presentation/tie_sheet_golden_test.dart: 2-player bracket                                                           00:01 +112: /Users/asak/Documents/dev/proj/personal/tkd_saas/test/features/bracket/presentation/tie_sheet_golden_test.dart: 2-player bracket                                                           00:01 +113: /Users/asak/Documents/dev/proj/personal/tkd_saas/test/features/bracket/presentation/tie_sheet_golden_test.dart: 2-player bracket                                                           00:01 +114: /Users/asak/Documents/dev/proj/personal/tkd_saas/test/features/bracket/presentation/tie_sheet_golden_test.dart: 2-player bracket                                                           00:01 +115: /Users/asak/Documents/dev/proj/personal/tkd_saas/test/features/bracket/presentation/tie_sheet_golden_test.dart: 2-player bracket                                                           00:01 +116: /Users/asak/Documents/dev/proj/personal/tkd_saas/test/features/bracket/presentation/tie_sheet_golden_test.dart: 2-player bracket                                                           00:01 +117: /Users/asak/Documents/dev/proj/personal/tkd_saas/test/features/bracket/presentation/tie_sheet_golden_test.dart: 2-player bracket                                                           00:01 +118: /Users/asak/Documents/dev/proj/personal/tkd_saas/test/features/bracket/presentation/tie_sheet_golden_test.dart: 2-player bracket                                                           00:01 +119: /Users/asak/Documents/dev/proj/personal/tkd_saas/test/features/bracket/presentation/tie_sheet_golden_test.dart: 2-player bracket                                                           00:01 +120: /Users/asak/Documents/dev/proj/personal/tkd_saas/test/features/bracket/presentation/tie_sheet_golden_test.dart: 2-player bracket                                                           00:01 +121: /Users/asak/Documents/dev/proj/personal/tkd_saas/test/features/bracket/presentation/tie_sheet_golden_test.dart: 2-player bracket                                                           00:01 +122: /Users/asak/Documents/dev/proj/personal/tkd_saas/test/features/bracket/presentation/tie_sheet_golden_test.dart: 2-player bracket                                                           00:01 +123: /Users/asak/Documents/dev/proj/personal/tkd_saas/test/features/bracket/presentation/tie_sheet_golden_test.dart: 2-player bracket                                                           00:01 +124: /Users/asak/Documents/dev/proj/personal/tkd_saas/test/features/bracket/presentation/tie_sheet_golden_test.dart: 2-player bracket                                                           00:01 +125: /Users/asak/Documents/dev/proj/personal/tkd_saas/test/features/bracket/presentation/tie_sheet_golden_test.dart: 2-player bracket                                                           00:01 +126: /Users/asak/Documents/dev/proj/personal/tkd_saas/test/features/bracket/presentation/tie_sheet_golden_test.dart: 2-player bracket                                                           00:01 +127: /Users/asak/Documents/dev/proj/personal/tkd_saas/test/features/bracket/presentation/tie_sheet_golden_test.dart: 2-player bracket                                                           00:01 +127: /Users/asak/Documents/dev/proj/personal/tkd_saas/test/features/bracket/presentation/tie_sheet_golden_test.dart: 2-player bracket                                                           
=== 2 PLAYER MATCH INFO ===
Total matches: 1
R1 M1: Blue=Saiansh Mathur Red=R.S. Vignesh Status=MatchStatus.pending Result=null Winner=-
Canvas size: Size(1116.0, 521.0)
00:01 +128: /Users/asak/Documents/dev/proj/personal/tkd_saas/test/features/bracket/presentation/tie_sheet_golden_test.dart: 2-player bracket                                                           00:01 +129: /Users/asak/Documents/dev/proj/personal/tkd_saas/test/features/bracket/presentation/tie_sheet_golden_test.dart: 2-player bracket                                                           00:01 +130: /Users/asak/Documents/dev/proj/personal/tkd_saas/test/features/bracket/presentation/tie_sheet_golden_test.dart: 2-player bracket                                                           00:01 +131: /Users/asak/Documents/dev/proj/personal/tkd_saas/test/features/bracket/bracket_flow_test.dart: 1. Single Elimination Bracket Generation 1a. 4 players: correct bracket structure           00:01 +131: /Users/asak/Documents/dev/proj/personal/tkd_saas/test/features/bracket/presentation/tie_sheet_golden_test.dart: 3-player bracket                                                           
=== 3 PLAYER MATCH INFO ===
Total matches: 3
R1 M1: Blue=Saiansh Mathur Red=BYE Status=MatchStatus.completed Result=MatchResultType.bye Winner=yes
R1 M2: Blue=R.S. Vignesh Red=Shashi Kumar Status=MatchStatus.pending Result=null Winner=-
R2 M1: Blue=Saiansh Mathur Red=BYE Status=MatchStatus.pending Result=null Winner=-
Canvas size: Size(1456.0, 521.0)
00:01 +132: /Users/asak/Documents/dev/proj/personal/tkd_saas/test/features/bracket/bracket_flow_test.dart: 1. Single Elimination Bracket Generation 1a. 4 players: correct bracket structure           00:01 +132: /Users/asak/Documents/dev/proj/personal/tkd_saas/test/features/bracket/presentation/tie_sheet_golden_test.dart: 4-player bracket                                                           
=== 4 PLAYER MATCH INFO ===
Total matches: 3
R1 M1: Blue=Saiansh Mathur Red=J. Vino Status=MatchStatus.pending Result=null Winner=-
R1 M2: Blue=R.S. Vignesh Red=Shashi Kumar Status=MatchStatus.pending Result=null Winner=-
R2 M1: Blue=BYE Red=BYE Status=MatchStatus.pending Result=null Winner=-
Canvas size: Size(1456.0, 521.0)
00:01 +133: /Users/asak/Documents/dev/proj/personal/tkd_saas/test/features/bracket/bracket_flow_test.dart: 1. Single Elimination Bracket Generation 1a. 4 players: correct bracket structure           00:01 +134: /Users/asak/Documents/dev/proj/personal/tkd_saas/test/features/bracket/bracket_flow_test.dart: 1. Single Elimination Bracket Generation 1a. 4 players: correct bracket structure           00:01 +135: /Users/asak/Documents/dev/proj/personal/tkd_saas/test/features/bracket/bracket_flow_test.dart: 1. Single Elimination Bracket Generation 1a. 4 players: correct bracket structure           00:01 +135: /Users/asak/Documents/dev/proj/personal/tkd_saas/test/features/bracket/presentation/tie_sheet_golden_test.dart: 5-player bracket                                                           
=== 5 PLAYER MATCH INFO ===
Total matches: 7
R1 M1: Blue=Saiansh Mathur Red=BYE Status=MatchStatus.completed Result=MatchResultType.bye Winner=yes
R1 M2: Blue=J. Vino Red=Aarush Barua Status=MatchStatus.pending Result=null Winner=-
R1 M3: Blue=R.S. Vignesh Red=BYE Status=MatchStatus.completed Result=MatchResultType.bye Winner=yes
R1 M4: Blue=Shashi Kumar Red=BYE Status=MatchStatus.completed Result=MatchResultType.bye Winner=yes
R2 M1: Blue=Saiansh Mathur Red=BYE Status=MatchStatus.pending Result=null Winner=-
R2 M2: Blue=R.S. Vignesh Red=Shashi Kumar Status=MatchStatus.pending Result=null Winner=-
R3 M1: Blue=BYE Red=BYE Status=MatchStatus.pending Result=null Winner=-
Canvas size: Size(1796.0, 663.0)
00:01 +136: /Users/asak/Documents/dev/proj/personal/tkd_saas/test/features/bracket/bracket_flow_test.dart: 1. Single Elimination Bracket Generation 1a. 4 players: correct bracket structure           00:01 +136: /Users/asak/Documents/dev/proj/personal/tkd_saas/test/features/bracket/presentation/tie_sheet_golden_test.dart: 8-player bracket                                                           
=== 8 PLAYER MATCH INFO ===
Total matches: 7
R1 M1: Blue=Saiansh Mathur Red=Ayush Kumar Status=MatchStatus.pending Result=null Winner=-
R1 M2: Blue=J. Vino Red=Aarush Barua Status=MatchStatus.pending Result=null Winner=-
R1 M3: Blue=R.S. Vignesh Red=Arsalan Siraj Khan Status=MatchStatus.pending Result=null Winner=-
R1 M4: Blue=Shashi Kumar Red=Asad Khan Status=MatchStatus.pending Result=null Winner=-
R2 M1: Blue=BYE Red=BYE Status=MatchStatus.pending Result=null Winner=-
R2 M2: Blue=BYE Red=BYE Status=MatchStatus.pending Result=null Winner=-
R3 M1: Blue=BYE Red=BYE Status=MatchStatus.pending Result=null Winner=-
Canvas size: Size(1796.0, 740.0)
00:01 +137: /Users/asak/Documents/dev/proj/personal/tkd_saas/test/features/bracket/bracket_flow_test.dart: 1. Single Elimination Bracket Generation 1a. 4 players: correct bracket structure           00:01 +137: /Users/asak/Documents/dev/proj/personal/tkd_saas/test/features/bracket/presentation/tie_sheet_golden_test.dart: 14-player bracket                                                          
=== 14 PLAYER MATCH INFO ===
Total matches: 15
R1 M1: Blue=Saiansh Mathur Red=BYE Status=MatchStatus.completed Result=MatchResultType.bye Winner=yes
R1 M2: Blue=Ayush Kumar Red=Lakshay Goyar Status=MatchStatus.pending Result=null Winner=-
R1 M3: Blue=J. Vino Red=Rajat Solanki Status=MatchStatus.pending Result=null Winner=-
R1 M4: Blue=Aarush Barua Red=Pranjit Sakia Status=MatchStatus.pending Result=null Winner=-
R1 M5: Blue=R.S. Vignesh Red=BYE Status=MatchStatus.completed Result=MatchResultType.bye Winner=yes
R1 M6: Blue=Arsalan Siraj Khan Red=Akash Kumar Status=MatchStatus.pending Result=null Winner=-
R1 M7: Blue=Shashi Kumar Red=Jay Dinesh Salaskar Status=MatchStatus.pending Result=null Winner=-
R1 M8: Blue=Asad Khan Red=Gedajit Irengbam Status=MatchStatus.pending Result=null Winner=-
R2 M1: Blue=Saiansh Mathur Red=BYE Status=MatchStatus.pending Result=null Winner=-
R2 M2: Blue=BYE Red=BYE Status=MatchStatus.pending Result=null Winner=-
R2 M3: Blue=R.S. Vignesh Red=BYE Status=MatchStatus.pending Result=null Winner=-
R2 M4: Blue=BYE Red=BYE Status=MatchStatus.pending Result=null Winner=-
R3 M1: Blue=BYE Red=BYE Status=MatchStatus.pending Result=null Winner=-
R3 M2: Blue=BYE Red=BYE Status=MatchStatus.pending Result=null Winner=-
R4 M1: Blue=BYE Red=BYE Status=MatchStatus.pending Result=null Winner=-
Canvas size: Size(2136.0, 1101.0)
00:01 +138: /Users/asak/Documents/dev/proj/personal/tkd_saas/test/features/bracket/bracket_flow_test.dart: 1. Single Elimination Bracket Generation 1a. 4 players: correct bracket structure           00:01 +138: /Users/asak/Documents/dev/proj/personal/tkd_saas/test/features/bracket/presentation/tie_sheet_golden_test.dart: 16-player bracket                                                          
=== 16 PLAYER MATCH INFO ===
Total matches: 15
R1 M1: Blue=Saiansh Mathur Red=Apoorva Pandey Status=MatchStatus.pending Result=null Winner=-
R1 M2: Blue=Ayush Kumar Red=Lakshay Goyar Status=MatchStatus.pending Result=null Winner=-
R1 M3: Blue=J. Vino Red=Rajat Solanki Status=MatchStatus.pending Result=null Winner=-
R1 M4: Blue=Aarush Barua Red=Pranjit Sakia Status=MatchStatus.pending Result=null Winner=-
R1 M5: Blue=R.S. Vignesh Red=Tej Pratap Sharma Status=MatchStatus.pending Result=null Winner=-
R1 M6: Blue=Arsalan Siraj Khan Red=Akash Kumar Status=MatchStatus.pending Result=null Winner=-
R1 M7: Blue=Shashi Kumar Red=Jay Dinesh Salaskar Status=MatchStatus.pending Result=null Winner=-
R1 M8: Blue=Asad Khan Red=Gedajit Irengbam Status=MatchStatus.pending Result=null Winner=-
R2 M1: Blue=BYE Red=BYE Status=MatchStatus.pending Result=null Winner=-
R2 M2: Blue=BYE Red=BYE Status=MatchStatus.pending Result=null Winner=-
R2 M3: Blue=BYE Red=BYE Status=MatchStatus.pending Result=null Winner=-
R2 M4: Blue=BYE Red=BYE Status=MatchStatus.pending Result=null Winner=-
R3 M1: Blue=BYE Red=BYE Status=MatchStatus.pending Result=null Winner=-
R3 M2: Blue=BYE Red=BYE Status=MatchStatus.pending Result=null Winner=-
R4 M1: Blue=BYE Red=BYE Status=MatchStatus.pending Result=null Winner=-
Canvas size: Size(2136.0, 1178.0)
00:01 +139: /Users/asak/Documents/dev/proj/personal/tkd_saas/test/features/bracket/bracket_flow_test.dart: 1. Single Elimination Bracket Generation 1a. 4 players: correct bracket structure           00:01 +139: /Users/asak/Documents/dev/proj/personal/tkd_saas/test/features/bracket/presentation/tie_sheet_golden_test.dart: 14-player bracket with 3rd place                                           
=== 14 PLAYER MATCH INFO ===
Total matches: 16
R1 M1: Blue=Saiansh Mathur Red=BYE Status=MatchStatus.completed Result=MatchResultType.bye Winner=yes
R1 M2: Blue=Ayush Kumar Red=Lakshay Goyar Status=MatchStatus.pending Result=null Winner=-
R1 M3: Blue=J. Vino Red=Rajat Solanki Status=MatchStatus.pending Result=null Winner=-
R1 M4: Blue=Aarush Barua Red=Pranjit Sakia Status=MatchStatus.pending Result=null Winner=-
R1 M5: Blue=R.S. Vignesh Red=BYE Status=MatchStatus.completed Result=MatchResultType.bye Winner=yes
R1 M6: Blue=Arsalan Siraj Khan Red=Akash Kumar Status=MatchStatus.pending Result=null Winner=-
R1 M7: Blue=Shashi Kumar Red=Jay Dinesh Salaskar Status=MatchStatus.pending Result=null Winner=-
R1 M8: Blue=Asad Khan Red=Gedajit Irengbam Status=MatchStatus.pending Result=null Winner=-
R2 M1: Blue=Saiansh Mathur Red=BYE Status=MatchStatus.pending Result=null Winner=-
R2 M2: Blue=BYE Red=BYE Status=MatchStatus.pending Result=null Winner=-
R2 M3: Blue=R.S. Vignesh Red=BYE Status=MatchStatus.pending Result=null Winner=-
R2 M4: Blue=BYE Red=BYE Status=MatchStatus.pending Result=null Winner=-
R3 M1: Blue=BYE Red=BYE Status=MatchStatus.pending Result=null Winner=-
R3 M2: Blue=BYE Red=BYE Status=MatchStatus.pending Result=null Winner=-
R4 M1: Blue=BYE Red=BYE Status=MatchStatus.pending Result=null Winner=-
R4 M2: Blue=BYE Red=BYE Status=MatchStatus.pending Result=null Winner=-
Canvas size: Size(2136.0, 1101.0)
00:01 +140: /Users/asak/Documents/dev/proj/personal/tkd_saas/test/features/bracket/bracket_flow_test.dart: 1. Single Elimination Bracket Generation 1a. 4 players: correct bracket structure           00:01 +140: /Users/asak/Documents/dev/proj/personal/tkd_saas/test/features/bracket/presentation/tie_sheet_golden_test.dart: DE 2-player bracket                                                        
=== DE 2 PLAYER MATCH INFO ===
Total matches: 3
WB matches: 1, LB matches: 0, GF matches: 2
Bracket=WB R1 M1: Blue=Saiansh Mathur Red=R.S. Vignesh Status=MatchStatus.pending Result=null
Bracket=GF R2 M1: Blue=TBD Red=TBD Status=MatchStatus.pending Result=null
Bracket=GF R3 M1: Blue=TBD Red=TBD Status=MatchStatus.pending Result=null
00:01 +141: /Users/asak/Documents/dev/proj/personal/tkd_saas/test/features/bracket/bracket_flow_test.dart: 1. Single Elimination Bracket Generation 1a. 4 players: correct bracket structure           00:01 +141: /Users/asak/Documents/dev/proj/personal/tkd_saas/test/features/bracket/presentation/tie_sheet_golden_test.dart: DE 4-player bracket                                                        
=== DE 4 PLAYER MATCH INFO ===
Total matches: 7
WB matches: 3, LB matches: 2, GF matches: 2
Bracket=WB R1 M1: Blue=Saiansh Mathur Red=J. Vino Status=MatchStatus.pending Result=null
Bracket=WB R1 M2: Blue=R.S. Vignesh Red=Shashi Kumar Status=MatchStatus.pending Result=null
Bracket=WB R2 M1: Blue=TBD Red=TBD Status=MatchStatus.pending Result=null
Bracket=LB R1 M1: Blue=TBD Red=TBD Status=MatchStatus.pending Result=null
Bracket=LB R2 M1: Blue=TBD Red=TBD Status=MatchStatus.pending Result=null
Bracket=GF R3 M1: Blue=TBD Red=TBD Status=MatchStatus.pending Result=null
Bracket=GF R4 M1: Blue=TBD Red=TBD Status=MatchStatus.pending Result=null
00:01 +142: /Users/asak/Documents/dev/proj/personal/tkd_saas/test/features/bracket/bracket_flow_test.dart: 1. Single Elimination Bracket Generation 1a. 4 players: correct bracket structure           00:01 +142: /Users/asak/Documents/dev/proj/personal/tkd_saas/test/features/bracket/presentation/tie_sheet_golden_test.dart: DE 5-player bracket                                                        
=== DE 5 PLAYER MATCH INFO ===
Total matches: 15
WB matches: 7, LB matches: 6, GF matches: 2
Bracket=WB R1 M1: Blue=Saiansh Mathur Red=TBD Status=MatchStatus.completed Result=MatchResultType.bye
Bracket=WB R1 M2: Blue=J. Vino Red=Aarush Barua Status=MatchStatus.pending Result=null
Bracket=WB R1 M3: Blue=R.S. Vignesh Red=TBD Status=MatchStatus.completed Result=MatchResultType.bye
Bracket=WB R1 M4: Blue=Shashi Kumar Red=TBD Status=MatchStatus.completed Result=MatchResultType.bye
Bracket=WB R2 M1: Blue=Saiansh Mathur Red=TBD Status=MatchStatus.pending Result=null
Bracket=WB R2 M2: Blue=R.S. Vignesh Red=Shashi Kumar Status=MatchStatus.pending Result=null
Bracket=WB R3 M1: Blue=TBD Red=TBD Status=MatchStatus.pending Result=null
Bracket=LB R1 M1: Blue=TBD Red=TBD Status=MatchStatus.pending Result=null
Bracket=LB R1 M2: Blue=TBD Red=TBD Status=MatchStatus.completed Result=MatchResultType.bye
Bracket=LB R2 M1: Blue=TBD Red=TBD Status=MatchStatus.pending Result=null
Bracket=LB R2 M2: Blue=TBD Red=TBD Status=MatchStatus.pending Result=null
Bracket=LB R3 M1: Blue=TBD Red=TBD Status=MatchStatus.pending Result=null
Bracket=LB R4 M1: Blue=TBD Red=TBD Status=MatchStatus.pending Result=null
Bracket=GF R4 M1: Blue=TBD Red=TBD Status=MatchStatus.pending Result=null
Bracket=GF R5 M1: Blue=TBD Red=TBD Status=MatchStatus.pending Result=null
00:01 +143: /Users/asak/Documents/dev/proj/personal/tkd_saas/test/features/bracket/bracket_flow_test.dart: 1. Single Elimination Bracket Generation 1a. 4 players: correct bracket structure           00:02 +143: /Users/asak/Documents/dev/proj/personal/tkd_saas/test/features/bracket/bracket_flow_test.dart: 1. Single Elimination Bracket Generation 1a. 4 players: correct bracket structure           00:02 +143: /Users/asak/Documents/dev/proj/personal/tkd_saas/test/features/bracket/presentation/tie_sheet_golden_test.dart: DE 8-player bracket                                                        
=== DE 8 PLAYER MATCH INFO ===
Total matches: 15
WB matches: 7, LB matches: 6, GF matches: 2
Bracket=WB R1 M1: Blue=Saiansh Mathur Red=Ayush Kumar Status=MatchStatus.pending Result=null
Bracket=WB R1 M2: Blue=J. Vino Red=Aarush Barua Status=MatchStatus.pending Result=null
Bracket=WB R1 M3: Blue=R.S. Vignesh Red=Arsalan Siraj Khan Status=MatchStatus.pending Result=null
Bracket=WB R1 M4: Blue=Shashi Kumar Red=Asad Khan Status=MatchStatus.pending Result=null
Bracket=WB R2 M1: Blue=TBD Red=TBD Status=MatchStatus.pending Result=null
Bracket=WB R2 M2: Blue=TBD Red=TBD Status=MatchStatus.pending Result=null
Bracket=WB R3 M1: Blue=TBD Red=TBD Status=MatchStatus.pending Result=null
Bracket=LB R1 M1: Blue=TBD Red=TBD Status=MatchStatus.pending Result=null
Bracket=LB R1 M2: Blue=TBD Red=TBD Status=MatchStatus.pending Result=null
Bracket=LB R2 M1: Blue=TBD Red=TBD Status=MatchStatus.pending Result=null
Bracket=LB R2 M2: Blue=TBD Red=TBD Status=MatchStatus.pending Result=null
Bracket=LB R3 M1: Blue=TBD Red=TBD Status=MatchStatus.pending Result=null
Bracket=LB R4 M1: Blue=TBD Red=TBD Status=MatchStatus.pending Result=null
Bracket=GF R4 M1: Blue=TBD Red=TBD Status=MatchStatus.pending Result=null
Bracket=GF R5 M1: Blue=TBD Red=TBD Status=MatchStatus.pending Result=null
00:02 +144: /Users/asak/Documents/dev/proj/personal/tkd_saas/test/features/bracket/bracket_flow_test.dart: 1. Single Elimination Bracket Generation 1a. 4 players: correct bracket structure           00:02 +145: /Users/asak/Documents/dev/proj/personal/tkd_saas/test/features/bracket/bracket_flow_test.dart: 1. Single Elimination Bracket Generation 1a. 4 players: correct bracket structure           00:02 +146: /Users/asak/Documents/dev/proj/personal/tkd_saas/test/features/bracket/bracket_flow_test.dart: 1. Single Elimination Bracket Generation 1a. 4 players: correct bracket structure           00:02 +147: /Users/asak/Documents/dev/proj/personal/tkd_saas/test/features/bracket/bracket_flow_test.dart: 1. Single Elimination Bracket Generation 1a. 4 players: correct bracket structure           00:02 +148: /Users/asak/Documents/dev/proj/personal/tkd_saas/test/features/bracket/presentation/bloc/bracket_bloc_history_test.dart: Replay replay steps through all actions sequentially              00:03 +148: /Users/asak/Documents/dev/proj/personal/tkd_saas/test/features/bracket/presentation/bloc/bracket_bloc_history_test.dart: Replay replay steps through all actions sequentially              00:03 +149: /Users/asak/Documents/dev/proj/personal/tkd_saas/test/features/bracket/presentation/bloc/bracket_bloc_history_test.dart: Replay replay steps through all actions sequentially              00:03 +150: /Users/asak/Documents/dev/proj/personal/tkd_saas/test/features/bracket/presentation/bloc/bracket_bloc_history_test.dart: Replay replay steps through all actions sequentially              00:03 +151: /Users/asak/Documents/dev/proj/personal/tkd_saas/test/features/bracket/presentation/bloc/bracket_bloc_history_test.dart: Replay replay steps through all actions sequentially              00:03 +152: /Users/asak/Documents/dev/proj/personal/tkd_saas/test/features/bracket/bracket_flow_test.dart: ... Bracket Generation 2b. Single-canvas DE bracket renders with InteractiveViewer          00:03 +153: /Users/asak/Documents/dev/proj/personal/tkd_saas/test/features/bracket/bracket_flow_test.dart: ... Bracket Generation 2b. Single-canvas DE bracket renders with InteractiveViewer          00:03 +154: /Users/asak/Documents/dev/proj/personal/tkd_saas/test/features/bracket/bracket_flow_test.dart: ... Bracket Generation 2b. Single-canvas DE bracket renders with InteractiveViewer          00:03 +155: /Users/asak/Documents/dev/proj/personal/tkd_saas/test/features/bracket/bracket_flow_test.dart: ... Bracket Generation 2b. Single-canvas DE bracket renders with InteractiveViewer          00:04 +155: /Users/asak/Documents/dev/proj/personal/tkd_saas/test/features/bracket/bracket_flow_test.dart: ... Bracket Generation 2b. Single-canvas DE bracket renders with InteractiveViewer          00:04 +156: /Users/asak/Documents/dev/proj/personal/tkd_saas/test/features/bracket/bracket_flow_test.dart: ... Bracket Generation 2b. Single-canvas DE bracket renders with InteractiveViewer          00:04 +157: /Users/asak/Documents/dev/proj/personal/tkd_saas/test/features/bracket/bracket_flow_test.dart: ... Bracket Generation 2b. Single-canvas DE bracket renders with InteractiveViewer          00:04 +158: /Users/asak/Documents/dev/proj/personal/tkd_saas/test/features/bracket/bracket_flow_test.dart: ... Bracket Generation 2b. Single-canvas DE bracket renders with InteractiveViewer          00:04 +159: /Users/asak/Documents/dev/proj/personal/tkd_saas/test/features/bracket/presentation/bloc/bracket_bloc_history_test.dart: Replay-blocking guards undo is blocked during replay              00:04 +160: /Users/asak/Documents/dev/proj/personal/tkd_saas/test/features/bracket/bracket_flow_test.dart: 3. Participant Management 3a. Add participants, verify count, clear all                     00:04 +161: /Users/asak/Documents/dev/proj/personal/tkd_saas/test/features/bracket/bracket_flow_test.dart: 3. Participant Management 3a. Add participants, verify count, clear all                     00:04 +162: /Users/asak/Documents/dev/proj/personal/tkd_saas/test/features/bracket/presentation/bloc/bracket_bloc_history_test.dart: Replay-blocking guards history jump is blocked during replay      00:04 +163: /Users/asak/Documents/dev/proj/personal/tkd_saas/test/features/bracket/bracket_flow_test.dart: 3. Participant Management 3b. CSV import with First,Last,Dojang,RegID format                00:04 +164: /Users/asak/Documents/dev/proj/personal/tkd_saas/test/features/bracket/bracket_flow_test.dart: 3. Participant Management 3b. CSV import with First,Last,Dojang,RegID format                00:04 +164: /Users/asak/Documents/dev/proj/personal/tkd_saas/test/features/bracket/bracket_flow_test.dart: 3. Participant Management 3c. Remove individual participant                                 00:04 +165: /Users/asak/Documents/dev/proj/personal/tkd_saas/test/features/bracket/bracket_flow_test.dart: 3. Participant Management 3c. Remove individual participant                                 00:04 +165: /Users/asak/Documents/dev/proj/personal/tkd_saas/test/features/bracket/bracket_flow_test.dart: 3. Participant Management 3d. Reorder participants (drag and drop for seeding)              00:04 +166: /Users/asak/Documents/dev/proj/personal/tkd_saas/test/features/bracket/bracket_flow_test.dart: 3. Participant Management 3d. Reorder participants (drag and drop for seeding)              00:04 +166: /Users/asak/Documents/dev/proj/personal/tkd_saas/test/features/bracket/bracket_flow_test.dart: 3. Participant Management 3e. View participant roster with details                          00:05 +166: /Users/asak/Documents/dev/proj/personal/tkd_saas/test/features/bracket/bracket_flow_test.dart: 3. Participant Management 3e. View participant roster with details                          00:05 +167: /Users/asak/Documents/dev/proj/personal/tkd_saas/test/features/bracket/bracket_flow_test.dart: 3. Participant Management 3e. View participant roster with details                          00:05 +167: /Users/asak/Documents/dev/proj/personal/tkd_saas/test/features/bracket/bracket_flow_test.dart: 4. Tournament Configuration 4a. Tournament info fields are present on entry screen          00:05 +167: /Users/asak/Documents/dev/proj/personal/tkd_saas/test/features/bracket/bracket_flow_test.dart: 4. Tournament Configuration 4a. Tournament info fields are present on entry screen          
══╡ EXCEPTION CAUGHT BY FLUTTER TEST FRAMEWORK ╞════════════════════════════════════════════════════
The following StateError was thrown running a test:
Bad state: No element

When the exception was thrown, this was the stack:
#0      Iterable.single (dart:core/iterable.dart:694:25)
#1      WidgetController.element (package:flutter_test/src/controller.dart:868:30)
#2      WidgetController.ensureVisible (package:flutter_test/src/controller.dart:2305:32)
#3      main.<anonymous closure>.<anonymous closure> (file:///Users/asak/Documents/dev/proj/personal/tkd_saas/test/features/bracket/bracket_flow_test.dart:323:20)
<asynchronous suspension>
#4      testWidgets.<anonymous closure>.<anonymous closure> (package:flutter_test/src/widget_tester.dart:192:15)
<asynchronous suspension>
#5      TestWidgetsFlutterBinding._runTestBody (package:flutter_test/src/binding.dart:1059:5)
<asynchronous suspension>
<asynchronous suspension>
(elided one frame from package:stack_trace)

The test description was:
  4a. Tournament info fields are present on entry screen
════════════════════════════════════════════════════════════════════════════════════════════════════
00:05 +167 -1: /Users/asak/Documents/dev/proj/personal/tkd_saas/test/features/bracket/bracket_flow_test.dart: 4. Tournament Configuration 4a. Tournament info fields are present on entry screen [E]   
  Test failed. See exception logs above.
  The test description was: 4a. Tournament info fields are present on entry screen
  

To run this test again: /Users/asak/Documents/dev/flutter/bin/cache/dart-sdk/bin/dart test /Users/asak/Documents/dev/proj/personal/tkd_saas/test/features/bracket/bracket_flow_test.dart -p vm --plain-name '4. Tournament Configuration 4a. Tournament info fields are present on entry screen'
00:05 +167 -1: /Users/asak/Documents/dev/proj/personal/tkd_saas/test/features/bracket/bracket_flow_test.dart: 4. Tournament Configuration 4b. Registration ID field is present                         00:05 +168 -1: /Users/asak/Documents/dev/proj/personal/tkd_saas/test/features/bracket/bracket_flow_test.dart: 4. Tournament Configuration 4b. Registration ID field is present                         00:05 +168 -1: /Users/asak/Documents/dev/proj/personal/tkd_saas/test/features/bracket/bracket_flow_test.dart: 4. Tournament Configuration 4c. Fill and save tournament info fields                     00:05 +169 -1: /Users/asak/Documents/dev/proj/personal/tkd_saas/test/features/bracket/bracket_flow_test.dart: 4. Tournament Configuration 4c. Fill and save tournament info fields                     00:05 +169 -1: /Users/asak/Documents/dev/proj/personal/tkd_saas/test/features/bracket/bracket_flow_test.dart: 4. Tournament Configuration 4d. Dojang/School Separation toggle is present and functional00:05 +170 -1: /Users/asak/Documents/dev/proj/personal/tkd_saas/test/features/bracket/bracket_flow_test.dart: 4. Tournament Configuration 4d. Dojang/School Separation toggle is present and functional00:05 +170 -1: /Users/asak/Documents/dev/proj/personal/tkd_saas/test/features/bracket/bracket_flow_test.dart: 4. Tournament Configuration 4e. 3rd Place Match toggle is present for Single Elimination 00:05 +171 -1: /Users/asak/Documents/dev/proj/personal/tkd_saas/test/features/bracket/bracket_flow_test.dart: 4. Tournament Configuration 4e. 3rd Place Match toggle is present for Single Elimination 00:05 +171 -1: /Users/asak/Documents/dev/proj/personal/tkd_saas/test/features/bracket/bracket_flow_test.dart: 4. Tournament Configuration 4f. 3rd Place Match option hidden for Double Elimination     00:05 +172 -1: /Users/asak/Documents/dev/proj/personal/tkd_saas/test/features/bracket/bracket_flow_test.dart: 4. Tournament Configuration 4f. 3rd Place Match option hidden for Double Elimination     00:05 +172 -1: /Users/asak/Documents/dev/proj/personal/tkd_saas/test/features/bracket/bracket_flow_test.dart: 4. Tournament Configuration 4g. Format selection between Single and Double Elimination   00:05 +173 -1: /Users/asak/Documents/dev/proj/personal/tkd_saas/test/features/bracket/bracket_flow_test.dart: 4. Tournament Configuration 4g. Format selection between Single and Double Elimination   00:05 +173 -1: /Users/asak/Documents/dev/proj/personal/tkd_saas/test/features/bracket/bracket_flow_test.dart: 5. Bracket Viewer Actions 5a. Generate bracket and verify viewer screen loads            00:05 +174 -1: /Users/asak/Documents/dev/proj/personal/tkd_saas/test/features/bracket/bracket_flow_test.dart: 5. Bracket Viewer Actions 5a. Generate bracket and verify viewer screen loads            00:05 +174 -1: /Users/asak/Documents/dev/proj/personal/tkd_saas/test/features/bracket/bracket_flow_test.dart: 5. Bracket Viewer Actions 5b. Regenerate bracket with confirmation dialog                00:06 +174 -1: /Users/asak/Documents/dev/proj/personal/tkd_saas/test/features/bracket/bracket_flow_test.dart: 5. Bracket Viewer Actions 5b. Regenerate bracket with confirmation dialog                00:06 +175 -1: /Users/asak/Documents/dev/proj/personal/tkd_saas/test/features/bracket/bracket_flow_test.dart: 5. Bracket Viewer Actions 5b. Regenerate bracket with confirmation dialog                00:06 +175 -1: /Users/asak/Documents/dev/proj/personal/tkd_saas/test/features/bracket/bracket_flow_test.dart: 5. Bracket Viewer Actions 5c. Confirm regenerate action                                  00:06 +176 -1: /Users/asak/Documents/dev/proj/personal/tkd_saas/test/features/bracket/bracket_flow_test.dart: 5. Bracket Viewer Actions 5c. Confirm regenerate action                                  00:06 +176 -1: /Users/asak/Documents/dev/proj/personal/tkd_saas/test/features/bracket/bracket_flow_test.dart: 5. Bracket Viewer Actions 5d. Export PDF button is present                               00:06 +177 -1: /Users/asak/Documents/dev/proj/personal/tkd_saas/test/features/bracket/bracket_flow_test.dart: 5. Bracket Viewer Actions 5d. Export PDF button is present                               00:06 +177 -1: /Users/asak/Documents/dev/proj/personal/tkd_saas/test/features/bracket/bracket_flow_test.dart: 5. Bracket Viewer Actions 5e. Back navigation from bracket viewer                        00:07 +177 -1: /Users/asak/Documents/dev/proj/personal/tkd_saas/test/features/bracket/bracket_flow_test.dart: 5. Bracket Viewer Actions 5e. Back navigation from bracket viewer                        00:07 +178 -1: /Users/asak/Documents/dev/proj/personal/tkd_saas/test/features/bracket/bracket_flow_test.dart: 5. Bracket Viewer Actions 5e. Back navigation from bracket viewer                        00:07 +178 -1: /Users/asak/Documents/dev/proj/personal/tkd_saas/test/features/bracket/bracket_flow_test.dart: 5. Bracket Viewer Actions 5f. InteractiveViewer is present for pan/zoom                  00:07 +179 -1: /Users/asak/Documents/dev/proj/personal/tkd_saas/test/features/bracket/bracket_flow_test.dart: 5. Bracket Viewer Actions 5f. InteractiveViewer is present for pan/zoom                  00:07 +179 -1: /Users/asak/Documents/dev/proj/personal/tkd_saas/test/features/bracket/bracket_flow_test.dart: ... 6a. Full workflow: Configure tournament, add players, generate, verify, regenerate   00:07 +180 -1: /Users/asak/Documents/dev/proj/personal/tkd_saas/test/features/bracket/bracket_flow_test.dart: ... 6a. Full workflow: Configure tournament, add players, generate, verify, regenerate   00:07 +180 -1: /Users/asak/Documents/dev/proj/personal/tkd_saas/test/features/bracket/bracket_flow_test.dart: 6. Combined Workflow Tests 6b. Full workflow: CSV import with 3rd place match enabled    00:07 +181 -1: /Users/asak/Documents/dev/proj/personal/tkd_saas/test/features/bracket/bracket_flow_test.dart: 6. Combined Workflow Tests 6b. Full workflow: CSV import with 3rd place match enabled    00:07 +181 -1: Some tests failed.                                                                                                                                                                      
